// Jest Snapshot v1, https://goo.gl/fbAQLP

exports[`BaseButton.vue should render content 1`] = `
<button
  class="base-button _color-yellow _size-default"
  type="button"
>
  <!---->
   check
</button>
`;
